[     502ms] [WARNING] The keyword 'slider-vertical' specified to an 'appearance' property is not standardized. It will be removed in the future. Use <input type=range style="writing-mode: vertical-lr; direction: rtl"> instead. @ https://jetstream2.exosphere.app/exosphere/elm-web.js:0
[    5329ms] [INFO] Autofocus processing was blocked because a document already has a focused element. @ https://cilogon.org/authorize?response_type=code&scope=openid%20email%20profile%20org.cilogon.userinfo&client_id=cilogon%3A%2Fclient_id%2F5db1a9606eaf17bbe5740ccbe7e309c6&state=bPRr7C8QbHYt4fEeqx_778C7-E8&redirect_uri=https%3A%2F%2Fjs2.jetstream-cloud.org%2Fidentity%2Fv3%2FOS-FEDERATION%2Fidentity_providers%2Fcilogon%2Fprotocols%2Fopenid%2Fauth&nonce=Ij_XxIMQzjbxklIbFTVctnA9Kr5Igq2mh6LlcraCTYc&code_challenge=KPqCvA8XWdH5xKZ3By76aVlUTIbQk4BoAF6JquQ3xJM&code_challenge_method=S256:0
[    8446ms] [ERROR] Mixed Content: The page at 'https://idp.access-ci.org/idp/profile/SAML2/Redirect/SSO?execution=e1s1' was loaded over HTTPS, but requested an insecure script 'http://ajax.googleapis.com/ajax/libs/jquery/3.7.1/jquery.min.js'. This request has been blocked; the content must be served over HTTPS. @ https://idp.access-ci.org/idp/profile/SAML2/Redirect/SSO?execution=e1s1:0
[    8821ms] [VERBOSE] [DOM] Input elements should have autocomplete attributes (suggested: "current-password"): (More info: https://goo.gl/9p2vKq) %o @ https://idp.access-ci.org/idp/profile/SAML2/Redirect/SSO?execution=e1s1:0
[   45358ms] [ERROR] Mixed Content: The page at 'https://idp.access-ci.org/idp/profile/SAML2/Redirect/SSO?execution=e1s2' was loaded over HTTPS, but requested an insecure script 'http://ajax.googleapis.com/ajax/libs/jquery/3.7.1/jquery.min.js'. This request has been blocked; the content must be served over HTTPS. @ https://idp.access-ci.org/idp/profile/SAML2/Redirect/SSO?execution=e1s2:0
[   45366ms] [VERBOSE] [DOM] Input elements should have autocomplete attributes (suggested: "current-password"): (More info: https://goo.gl/9p2vKq) %o @ https://idp.access-ci.org/idp/profile/SAML2/Redirect/SSO?execution=e1s2:0
[   54799ms] [LOG] Processing event: BOOTSTRAP_COMPLETED for view index @ https://api-616d966d.duosecurity.com/prompt/static/js/entrypoints/auth.js?v=0dcf2:3
[   54800ms] [LOG] Event: BOOTSTRAP_COMPLETED Current view: index Next view: device_health @ https://api-616d966d.duosecurity.com/prompt/static/js/entrypoints/auth.js?v=0dcf2:3
[   54810ms] [WARNING] Blocked aria-hidden on an element because its descendant retained focus. The focus must not be hidden from assistive technology users. Avoid using aria-hidden on a focused element or its ancestor. Consider using the inert attribute instead, which will also prevent focus. For more details, see the aria-hidden section of the WAI-ARIA specification at https://w3c.github.io/aria/#aria-hidden.
Element with focus: <h1.card--focusable-text>
Ancestor with aria-hidden: <div> @ https://api-616d966d.duosecurity.com/prompt/DATMU0ZZFY31NP80455E?authkey=AXN351Z088QPOMI1PGHO&req_trace_group=62a456612cc33023ec5e8782:0
[   54813ms] [LOG] Processing event: DEVICE_HEALTH_COMPLETED for view device_health @ https://api-616d966d.duosecurity.com/prompt/static/js/entrypoints/auth.js?v=0dcf2:3
[   54813ms] [LOG] Event: DEVICE_HEALTH_COMPLETED Current view: device_health Next view: pre_authn_eval @ https://api-616d966d.duosecurity.com/prompt/static/js/entrypoints/auth.js?v=0dcf2:3
[   55418ms] [LOG] Processing event: PREAUTH_EVAL_COMPLETED for view pre_authn_eval @ https://api-616d966d.duosecurity.com/prompt/static/js/entrypoints/auth.js?v=0dcf2:3
[   55419ms] [LOG] Event: PREAUTH_EVAL_COMPLETED Current view: pre_authn_eval Next view: passkey @ https://api-616d966d.duosecurity.com/prompt/static/js/entrypoints/auth.js?v=0dcf2:3
[   60521ms] [LOG] Processing event: LEE_PERFORMED_AUTH for view passkey @ https://api-616d966d.duosecurity.com/prompt/static/js/entrypoints/auth.js?v=0dcf2:3
[   60521ms] [LOG] Event: LEE_PERFORMED_AUTH Current view: passkey Next view: auth_success @ https://api-616d966d.duosecurity.com/prompt/static/js/entrypoints/auth.js?v=0dcf2:3
[   60523ms] [LOG] PasskeyAuthenticationCard unmounting, aborting any in-progress auth @ https://api-616d966d.duosecurity.com/prompt/static/js/entrypoints/auth.js?v=0dcf2:3
[   62645ms] [ERROR] Failed to load resource: the server responded with a status of 404 () @ https://idp.access-ci.org/favicon.ico:0
[   64389ms] [ERROR] Failed to load resource: the server responded with a status of 401 () @ https://js2.jetstream-cloud.org/identity/v3/auth/OS-FEDERATION/websso/openid?origin=https://jetstream2.exosphere.app/exosphere/oidc-redirector:0
[   64438ms] [ERROR] Failed to load resource: the server responded with a status of 404 () @ https://js2.jetstream-cloud.org/favicon.ico:0
